<?xml version="1.0" encoding="UTF-8" ?>
<testsuites name="vitest tests" tests="87" failures="0" errors="0" time="11.502">
    <testsuite name="src/components/BrowserInfo.test.tsx" timestamp="2025-12-12T20:46:19.174Z" hostname="runnervm6qbrg" tests="4" failures="0" errors="0" skipped="0" time="0.076792869">
        <testcase classname="src/components/BrowserInfo.test.tsx" name="BrowserInfo &gt; renders without crashing" time="0.028824513">
        </testcase>
        <testcase classname="src/components/BrowserInfo.test.tsx" name="BrowserInfo &gt; displays basic info" time="0.038578309">
        </testcase>
        <testcase classname="src/components/BrowserInfo.test.tsx" name="BrowserInfo &gt; displays the Safari and macOS" time="0.00364196">
        </testcase>
        <testcase classname="src/components/BrowserInfo.test.tsx" name="BrowserInfo &gt; displays the Firefox and Linux" time="0.003311464">
        </testcase>
    </testsuite>
    <testsuite name="src/components/ConsoleOutput.test.tsx" timestamp="2025-12-12T20:46:19.175Z" hostname="runnervm6qbrg" tests="7" failures="0" errors="0" skipped="0" time="0.245907229">
        <testcase classname="src/components/ConsoleOutput.test.tsx" name="ConsoleOutput &gt; renders without crashing" time="0.021050809">
        </testcase>
        <testcase classname="src/components/ConsoleOutput.test.tsx" name="ConsoleOutput &gt; displays errors correctly" time="0.094586406">
        </testcase>
        <testcase classname="src/components/ConsoleOutput.test.tsx" name="ConsoleOutput &gt; filters errors based on search input" time="0.04502048">
        </testcase>
        <testcase classname="src/components/ConsoleOutput.test.tsx" name="ConsoleOutput &gt; toggles error details when clicked" time="0.034683737">
        </testcase>
        <testcase classname="src/components/ConsoleOutput.test.tsx" name="ConsoleOutput &gt; applies correct styling based on error level" time="0.033479128">
        </testcase>
        <testcase classname="src/components/ConsoleOutput.test.tsx" name="ConsoleOutput &gt; handles empty error list" time="0.002037228">
        </testcase>
        <testcase classname="src/components/ConsoleOutput.test.tsx" name="ConsoleOutput &gt; expands info logs to show stack trace" time="0.013011941">
        </testcase>
    </testsuite>
    <testsuite name="src/components/CreateGithubIssue.test.tsx" timestamp="2025-12-12T20:46:19.177Z" hostname="runnervm6qbrg" tests="6" failures="0" errors="0" skipped="0" time="0.084464293">
        <testcase classname="src/components/CreateGithubIssue.test.tsx" name="CreateGithubIssue &gt; renders without crashing" time="0.029075321">
        </testcase>
        <testcase classname="src/components/CreateGithubIssue.test.tsx" name="CreateGithubIssue &gt; displays the correct button text" time="0.018147395">
        </testcase>
        <testcase classname="src/components/CreateGithubIssue.test.tsx" name="CreateGithubIssue &gt; opens GitHub with correct URL when clicked" time="0.016119625">
        </testcase>
        <testcase classname="src/components/CreateGithubIssue.test.tsx" name="CreateGithubIssue &gt; includes Slack file link when slackFileId is provided" time="0.005396101">
        </testcase>
        <testcase classname="src/components/CreateGithubIssue.test.tsx" name="CreateGithubIssue &gt; creates correct issue title and body" time="0.00750891">
        </testcase>
        <testcase classname="src/components/CreateGithubIssue.test.tsx" name="CreateGithubIssue &gt; handles missing optional data gracefully" time="0.00592659">
        </testcase>
    </testsuite>
    <testsuite name="src/components/DescriptionInfo.test.tsx" timestamp="2025-12-12T20:46:19.178Z" hostname="runnervm6qbrg" tests="4" failures="0" errors="0" skipped="0" time="0.073114851">
        <testcase classname="src/components/DescriptionInfo.test.tsx" name="DescriptionInfo &gt; renders without crashing" time="0.041674792">
        </testcase>
        <testcase classname="src/components/DescriptionInfo.test.tsx" name="DescriptionInfo &gt; displays basic info" time="0.017492715">
        </testcase>
        <testcase classname="src/components/DescriptionInfo.test.tsx" name="DescriptionInfo &gt; truncates long URLs nicely" time="0.006440819">
        </testcase>
        <testcase classname="src/components/DescriptionInfo.test.tsx" name="DescriptionInfo &gt; renders no description properly" time="0.005167605">
        </testcase>
    </testsuite>
    <testsuite name="src/components/DevToolsUi.test.tsx" timestamp="2025-12-12T20:46:19.179Z" hostname="runnervm6qbrg" tests="11" failures="0" errors="0" skipped="0" time="0.873365739">
        <testcase classname="src/components/DevToolsUi.test.tsx" name="DevToolsUI &gt; renders without crashing" time="0.13257763">
        </testcase>
        <testcase classname="src/components/DevToolsUi.test.tsx" name="DevToolsUI &gt; displays GitHub issue button" time="0.07263773">
        </testcase>
        <testcase classname="src/components/DevToolsUi.test.tsx" name="DevToolsUI &gt; creates GitHub issue with correct data" time="0.096634134">
        </testcase>
        <testcase classname="src/components/DevToolsUi.test.tsx" name="DevToolsUI &gt; displays basic info correctly" time="0.053141127">
        </testcase>
        <testcase classname="src/components/DevToolsUi.test.tsx" name="DevToolsUI &gt; switches tabs correctly" time="0.166657818">
            <system-err>
Warning: Cannot update a component (`DevToolsUI`) while rendering a different component (`ConsoleOutput`). To locate the bad setState() call inside `ConsoleOutput`, follow the stack trace as described in https://reactjs.org/link/setstate-in-render
    at ConsoleOutput (/home/runner/work/metabase-debugger/metabase-debugger/src/components/ConsoleOutput.tsx:25:26)
    at div
    at file:///home/runner/work/metabase-debugger/metabase-debugger/node_modules/@radix-ui/react-primitive/dist/index.mjs:26:13
    at Presence (file:///home/runner/work/metabase-debugger/metabase-debugger/node_modules/@radix-ui/react-presence/dist/index.mjs:20:11)
    at file:///home/runner/work/metabase-debugger/metabase-debugger/node_modules/@radix-ui/react-tabs/dist/index.mjs:146:13
    at /home/runner/work/metabase-debugger/metabase-debugger/src/components/ui/tabs.tsx:51:57
    at div
    at file:///home/runner/work/metabase-debugger/metabase-debugger/node_modules/@radix-ui/react-primitive/dist/index.mjs:26:13
    at Provider (file:///home/runner/work/metabase-debugger/metabase-debugger/node_modules/@radix-ui/react-context/dist/index.mjs:27:15)
    at file:///home/runner/work/metabase-debugger/metabase-debugger/node_modules/@radix-ui/react-tabs/dist/index.mjs:24:7
    at div
    at div
    at DevToolsUI (/home/runner/work/metabase-debugger/metabase-debugger/src/components/DevToolsUi.tsx:39:23)
    at div
    at Providers (/home/runner/work/metabase-debugger/metabase-debugger/src/test/test-utils.tsx:5:22)

            </system-err>
        </testcase>
        <testcase classname="src/components/DevToolsUi.test.tsx" name="DevToolsUI &gt; is smart about selecting the details tab" time="0.033743644">
        </testcase>
        <testcase classname="src/components/DevToolsUi.test.tsx" name="DevToolsUI &gt; is smart about selecting the entity tab" time="0.036534734">
        </testcase>
        <testcase classname="src/components/DevToolsUi.test.tsx" name="DevToolsUI &gt; displays error badges correctly" time="0.040721655">
        </testcase>
        <testcase classname="src/components/DevToolsUi.test.tsx" name="DevToolsUI &gt; displays raw data correctly" time="0.080202146">
        </testcase>
        <testcase classname="src/components/DevToolsUi.test.tsx" name="DevToolsUI &gt; handles empty diagnostic data" time="0.045370172">
        </testcase>
        <testcase classname="src/components/DevToolsUi.test.tsx" name="DevToolsUI &gt; updates frontend error count" time="0.112498252">
        </testcase>
    </testsuite>
    <testsuite name="src/components/FetchError.test.tsx" timestamp="2025-12-12T20:46:19.181Z" hostname="runnervm6qbrg" tests="4" failures="0" errors="0" skipped="0" time="0.206605842">
        <testcase classname="src/components/FetchError.test.tsx" name="FetchError &gt; renders fetch error" time="0.047510112">
        </testcase>
        <testcase classname="src/components/FetchError.test.tsx" name="FetchError &gt; renders fetch error with auth button" time="0.005902825">
        </testcase>
        <testcase classname="src/components/FetchError.test.tsx" name="FetchError &gt; opens auth modal" time="0.107555985">
        </testcase>
        <testcase classname="src/components/FetchError.test.tsx" name="FetchError &gt; saves auth token" time="0.043276068">
        </testcase>
    </testsuite>
    <testsuite name="src/components/Header.test.tsx" timestamp="2025-12-12T20:46:19.181Z" hostname="runnervm6qbrg" tests="2" failures="0" errors="0" skipped="0" time="0.15864678">
        <testcase classname="src/components/Header.test.tsx" name="Header &gt; renders without crashing" time="0.065802453">
        </testcase>
        <testcase classname="src/components/Header.test.tsx" name="Header &gt; navigates when clicking the logo" time="0.090504636">
        </testcase>
    </testsuite>
    <testsuite name="src/components/LogsTable.test.tsx" timestamp="2025-12-12T20:46:19.182Z" hostname="runnervm6qbrg" tests="4" failures="0" errors="0" skipped="0" time="0.269000373">
        <testcase classname="src/components/LogsTable.test.tsx" name="LogsTable &gt; renders without crashing" time="0.02833238">
        </testcase>
        <testcase classname="src/components/LogsTable.test.tsx" name="LogsTable &gt; displays logs correctly" time="0.140206505">
        </testcase>
        <testcase classname="src/components/LogsTable.test.tsx" name="LogsTable &gt; filters logs based on search input" time="0.057913076">
        </testcase>
        <testcase classname="src/components/LogsTable.test.tsx" name="LogsTable &gt; filters out non Metabase frames from exceptions" time="0.040247451">
        </testcase>
    </testsuite>
    <testsuite name="src/components/QueryResultsPanel.test.tsx" timestamp="2025-12-12T20:46:19.183Z" hostname="runnervm6qbrg" tests="9" failures="0" errors="0" skipped="0" time="0.181175247">
        <testcase classname="src/components/QueryResultsPanel.test.tsx" name="QueryResultsPanel &gt; renders without crashing" time="0.026994682">
        </testcase>
        <testcase classname="src/components/QueryResultsPanel.test.tsx" name="QueryResultsPanel &gt; displays no results message when data is missing" time="0.016193372">
        </testcase>
        <testcase classname="src/components/QueryResultsPanel.test.tsx" name="QueryResultsPanel &gt; renders table headers correctly" time="0.047873347">
        </testcase>
        <testcase classname="src/components/QueryResultsPanel.test.tsx" name="QueryResultsPanel &gt; renders table data correctly" time="0.017918729">
        </testcase>
        <testcase classname="src/components/QueryResultsPanel.test.tsx" name="QueryResultsPanel &gt; displays native query when available" time="0.011539716">
        </testcase>
        <testcase classname="src/components/QueryResultsPanel.test.tsx" name="QueryResultsPanel &gt; shows truncated rows message" time="0.017280189">
        </testcase>
        <testcase classname="src/components/QueryResultsPanel.test.tsx" name="QueryResultsPanel &gt; handles null values in cells" time="0.013799028">
        </testcase>
        <testcase classname="src/components/QueryResultsPanel.test.tsx" name="QueryResultsPanel &gt; handles object values in cells" time="0.012132761">
        </testcase>
        <testcase classname="src/components/QueryResultsPanel.test.tsx" name="QueryResultsPanel &gt; shows total rows when not truncated" time="0.014794163">
        </testcase>
    </testsuite>
    <testsuite name="src/components/RawContent.test.tsx" timestamp="2025-12-12T20:46:19.184Z" hostname="runnervm6qbrg" tests="2" failures="0" errors="0" skipped="0" time="0.061258367">
        <testcase classname="src/components/RawContent.test.tsx" name="RawContent &gt; renders without crashing" time="0.038623903">
        </testcase>
        <testcase classname="src/components/RawContent.test.tsx" name="RawContent &gt; displays JSON content correctly" time="0.020545329">
        </testcase>
    </testsuite>
    <testsuite name="src/components/UploadDropzone.test.tsx" timestamp="2025-12-12T20:46:19.185Z" hostname="runnervm6qbrg" tests="4" failures="0" errors="0" skipped="0" time="0.198352138">
        <testcase classname="src/components/UploadDropzone.test.tsx" name="UploadDropzone &gt; renders without crashing" time="0.040233676">
        </testcase>
        <testcase classname="src/components/UploadDropzone.test.tsx" name="UploadDropzone &gt; displays correct text for drag and drop" time="0.019821617">
        </testcase>
        <testcase classname="src/components/UploadDropzone.test.tsx" name="UploadDropzone &gt; handles file upload correctly" time="0.110418697">
        </testcase>
        <testcase classname="src/components/UploadDropzone.test.tsx" name="UploadDropzone &gt; handles invalid JSON file" time="0.025599179">
        </testcase>
    </testsuite>
    <testsuite name="src/lib/stacktraces.test.ts" timestamp="2025-12-12T20:46:19.185Z" hostname="runnervm6qbrg" tests="3" failures="0" errors="0" skipped="0" time="0.007321411">
        <testcase classname="src/lib/stacktraces.test.ts" name="stacktraces &gt; formats Clojure data structure correctly" time="0.002624483">
        </testcase>
        <testcase classname="src/lib/stacktraces.test.ts" name="stacktraces &gt; parses stackframes properly" time="0.001966216">
        </testcase>
        <testcase classname="src/lib/stacktraces.test.ts" name="stacktraces &gt; filters for Metabase frames properly" time="0.000680819">
        </testcase>
    </testsuite>
    <testsuite name="src/components/ui/badge.test.tsx" timestamp="2025-12-12T20:46:19.186Z" hostname="runnervm6qbrg" tests="3" failures="0" errors="0" skipped="0" time="0.063244545">
        <testcase classname="src/components/ui/badge.test.tsx" name="Badge &gt; renders without crashing" time="0.03920359">
        </testcase>
        <testcase classname="src/components/ui/badge.test.tsx" name="Badge &gt; displays the correct text" time="0.017944921">
        </testcase>
        <testcase classname="src/components/ui/badge.test.tsx" name="Badge &gt; applies the correct variant class" time="0.003720836">
        </testcase>
    </testsuite>
    <testsuite name="src/components/ui/button.test.tsx" timestamp="2025-12-12T20:46:19.187Z" hostname="runnervm6qbrg" tests="3" failures="0" errors="0" skipped="0" time="0.069003301">
        <testcase classname="src/components/ui/button.test.tsx" name="Button &gt; renders without crashing" time="0.038208866">
        </testcase>
        <testcase classname="src/components/ui/button.test.tsx" name="Button &gt; displays the correct text" time="0.017439149">
        </testcase>
        <testcase classname="src/components/ui/button.test.tsx" name="Button &gt; handles click events" time="0.01105062">
        </testcase>
    </testsuite>
    <testsuite name="src/components/ui/collapsible.test.tsx" timestamp="2025-12-12T20:46:19.187Z" hostname="runnervm6qbrg" tests="5" failures="0" errors="0" skipped="0" time="0.254044978">
        <testcase classname="src/components/ui/collapsible.test.tsx" name="Collapsible &gt; renders without crashing" time="0.090746536">
        </testcase>
        <testcase classname="src/components/ui/collapsible.test.tsx" name="Collapsible &gt; toggles content visibility when clicked" time="0.087848689">
        </testcase>
        <testcase classname="src/components/ui/collapsible.test.tsx" name="Collapsible &gt; respects defaultOpen prop" time="0.00997722">
        </testcase>
        <testcase classname="src/components/ui/collapsible.test.tsx" name="Collapsible &gt; handles disabled state" time="0.023965258">
        </testcase>
        <testcase classname="src/components/ui/collapsible.test.tsx" name="Collapsible &gt; calls onOpenChange callback" time="0.039000331">
        </testcase>
    </testsuite>
    <testsuite name="src/components/ui/input.test.tsx" timestamp="2025-12-12T20:46:19.188Z" hostname="runnervm6qbrg" tests="3" failures="0" errors="0" skipped="0" time="0.059193683">
        <testcase classname="src/components/ui/input.test.tsx" name="Input &gt; renders without crashing" time="0.03303489">
        </testcase>
        <testcase classname="src/components/ui/input.test.tsx" name="Input &gt; displays the correct placeholder" time="0.014380212">
        </testcase>
        <testcase classname="src/components/ui/input.test.tsx" name="Input &gt; handles input changes" time="0.009619847">
        </testcase>
    </testsuite>
    <testsuite name="src/components/ui/scroll-area.test.tsx" timestamp="2025-12-12T20:46:19.189Z" hostname="runnervm6qbrg" tests="1" failures="0" errors="0" skipped="0" time="0.045459783">
        <testcase classname="src/components/ui/scroll-area.test.tsx" name="ScrollArea &gt; renders without crashing" time="0.043949197">
        </testcase>
    </testsuite>
    <testsuite name="src/components/ui/table.test.tsx" timestamp="2025-12-12T20:46:19.189Z" hostname="runnervm6qbrg" tests="1" failures="0" errors="0" skipped="0" time="0.059546123">
        <testcase classname="src/components/ui/table.test.tsx" name="Table &gt; renders without crashing" time="0.057323579">
            <system-err>
Warning: validateDOMNesting(...): Text nodes cannot appear as a child of &lt;tfoot&gt;.
    at tfoot
    at /home/runner/work/metabase-debugger/metabase-debugger/src/components/ui/table.tsx:31:57
    at table
    at div
    at /home/runner/work/metabase-debugger/metabase-debugger/src/components/ui/table.tsx:8:6
    at div
    at Providers (/home/runner/work/metabase-debugger/metabase-debugger/src/test/test-utils.tsx:5:22)

            </system-err>
        </testcase>
    </testsuite>
    <testsuite name="src/components/ui/tabs.test.tsx" timestamp="2025-12-12T20:46:19.190Z" hostname="runnervm6qbrg" tests="2" failures="0" errors="0" skipped="0" time="0.178717854">
        <testcase classname="src/components/ui/tabs.test.tsx" name="Tabs &gt; renders without crashing" time="0.096200996">
        </testcase>
        <testcase classname="src/components/ui/tabs.test.tsx" name="Tabs &gt; switches tabs correctly" time="0.080193236">
        </testcase>
    </testsuite>
    <testsuite name="src/pages/api/auth.test.ts" timestamp="2025-12-12T20:46:19.190Z" hostname="runnervm6qbrg" tests="2" failures="0" errors="0" skipped="0" time="0.002796153">
        <testcase classname="src/pages/api/auth.test.ts" name="isAuthorized &gt; should return false if the authorization header is not correct" time="0.001209345">
        </testcase>
        <testcase classname="src/pages/api/auth.test.ts" name="isAuthorized &gt; should return true if the authorization header is correct" time="0.000237824">
        </testcase>
    </testsuite>
    <testsuite name="src/pages/api/fetchSlackFile.test.ts" timestamp="2025-12-12T20:46:19.191Z" hostname="runnervm6qbrg" tests="7" failures="0" errors="0" skipped="0" time="0.017524838">
        <testcase classname="src/pages/api/fetchSlackFile.test.ts" name="fetchSlackFile API &gt; returns 400 if fileId is missing" time="0.004970448">
        </testcase>
        <testcase classname="src/pages/api/fetchSlackFile.test.ts" name="fetchSlackFile API &gt; returns 403 if not authorized" time="0.00079387">
        </testcase>
        <testcase classname="src/pages/api/fetchSlackFile.test.ts" name="fetchSlackFile API &gt; does not call Slack API if not authorized" time="0.00090093">
        </testcase>
        <testcase classname="src/pages/api/fetchSlackFile.test.ts" name="fetchSlackFile API &gt; returns 400 if fileId is not a string" time="0.000457233">
        </testcase>
        <testcase classname="src/pages/api/fetchSlackFile.test.ts" name="fetchSlackFile API &gt; returns 404 if file is not found" time="0.000631418">
        </testcase>
        <testcase classname="src/pages/api/fetchSlackFile.test.ts" name="fetchSlackFile API &gt; returns 500 if slack API throws error" time="0.007003489">
            <system-err>
Error fetching Slack file: Error: Slack API error
    at [90m/home/runner/work/metabase-debugger/metabase-debugger/[39msrc/pages/api/fetchSlackFile.test.ts:99:61
    at [90mfile:///home/runner/work/metabase-debugger/metabase-debugger/[39mnode_modules/[4m@vitest/runner[24m/dist/index.js:146:14
    at [90mfile:///home/runner/work/metabase-debugger/metabase-debugger/[39mnode_modules/[4m@vitest/runner[24m/dist/index.js:533:11
    at runWithTimeout [90m(file:///home/runner/work/metabase-debugger/metabase-debugger/[39mnode_modules/[4m@vitest/runner[24m/dist/index.js:39:7[90m)[39m
    at runTest [90m(file:///home/runner/work/metabase-debugger/metabase-debugger/[39mnode_modules/[4m@vitest/runner[24m/dist/index.js:1056:17[90m)[39m
[90m    at processTicksAndRejections (node:internal/process/task_queues:95:5)[39m
    at runSuite [90m(file:///home/runner/work/metabase-debugger/metabase-debugger/[39mnode_modules/[4m@vitest/runner[24m/dist/index.js:1205:15[90m)[39m
    at runSuite [90m(file:///home/runner/work/metabase-debugger/metabase-debugger/[39mnode_modules/[4m@vitest/runner[24m/dist/index.js:1205:15[90m)[39m
    at runFiles [90m(file:///home/runner/work/metabase-debugger/metabase-debugger/[39mnode_modules/[4m@vitest/runner[24m/dist/index.js:1262:5[90m)[39m
    at startTests [90m(file:///home/runner/work/metabase-debugger/metabase-debugger/[39mnode_modules/[4m@vitest/runner[24m/dist/index.js:1271:3[90m)[39m

            </system-err>
        </testcase>
        <testcase classname="src/pages/api/fetchSlackFile.test.ts" name="fetchSlackFile API &gt; successfully fetches and returns file content" time="0.000974256">
        </testcase>
    </testsuite>
</testsuites>
